Archive member included because of file (symbol)

c:/winavr-20100110/bin/../lib/gcc/avr/4.3.3/avr4\libgcc.a(_exit.o)
                              c:/winavr-20100110/bin/../lib/gcc/avr/4.3.3/../../../../avr/lib/avr4/crtm8.o (exit)
c:/winavr-20100110/bin/../lib/gcc/avr/4.3.3/avr4\libgcc.a(_copy_data.o)
                              obj\Release\main.o (__do_copy_data)

Memory Configuration

Name             Origin             Length             Attributes
text             0x00000000         0x00002000         xr
data             0x00800060         0x0000ffa0         rw !x
eeprom           0x00810000         0x00010000         rw !x
fuse             0x00820000         0x00000400         rw !x
lock             0x00830000         0x00000400         rw !x
signature        0x00840000         0x00000400         rw !x
*default*        0x00000000         0xffffffff

Linker script and memory map

LOAD c:/winavr-20100110/bin/../lib/gcc/avr/4.3.3/../../../../avr/lib/avr4/crtm8.o
LOAD obj\Release\initialization.o
LOAD obj\Release\main.o
LOAD obj\Release\protocol_low.o
LOAD obj\Release\rfm70.o
LOAD obj\Release\spi.o
LOAD obj\Release\timers.o
LOAD obj\Release\USART.o
LOAD c:/winavr-20100110/bin/../lib/gcc/avr/4.3.3/avr4\libgcc.a
LOAD c:/winavr-20100110/bin/../lib/gcc/avr/4.3.3/../../../../avr/lib/avr4\libm.a
LOAD c:/winavr-20100110/bin/../lib/gcc/avr/4.3.3/avr4\libgcc.a
LOAD c:/winavr-20100110/bin/../lib/gcc/avr/4.3.3/../../../../avr/lib/avr4\libc.a
LOAD c:/winavr-20100110/bin/../lib/gcc/avr/4.3.3/avr4\libgcc.a

.hash
 *(.hash)

.dynsym
 *(.dynsym)

.dynstr
 *(.dynstr)

.gnu.version
 *(.gnu.version)

.gnu.version_d
 *(.gnu.version_d)

.gnu.version_r
 *(.gnu.version_r)

.rel.init
 *(.rel.init)

.rela.init
 *(.rela.init)

.rel.text
 *(.rel.text)
 *(.rel.text.*)
 *(.rel.gnu.linkonce.t*)

.rela.text
 *(.rela.text)
 *(.rela.text.*)
 *(.rela.gnu.linkonce.t*)

.rel.fini
 *(.rel.fini)

.rela.fini
 *(.rela.fini)

.rel.rodata
 *(.rel.rodata)
 *(.rel.rodata.*)
 *(.rel.gnu.linkonce.r*)

.rela.rodata
 *(.rela.rodata)
 *(.rela.rodata.*)
 *(.rela.gnu.linkonce.r*)

.rel.data
 *(.rel.data)
 *(.rel.data.*)
 *(.rel.gnu.linkonce.d*)

.rela.data
 *(.rela.data)
 *(.rela.data.*)
 *(.rela.gnu.linkonce.d*)

.rel.ctors
 *(.rel.ctors)

.rela.ctors
 *(.rela.ctors)

.rel.dtors
 *(.rel.dtors)

.rela.dtors
 *(.rela.dtors)

.rel.got
 *(.rel.got)

.rela.got
 *(.rela.got)

.rel.bss
 *(.rel.bss)

.rela.bss
 *(.rela.bss)

.rel.plt
 *(.rel.plt)

.rela.plt
 *(.rela.plt)

.text           0x00000000      0x6e8
 *(.vectors)
 .vectors       0x00000000       0x26 c:/winavr-20100110/bin/../lib/gcc/avr/4.3.3/../../../../avr/lib/avr4/crtm8.o
                0x00000000                __vectors
                0x00000000                __vector_default
 *(.vectors)
 *(.progmem.gcc*)
 *(.progmem*)
                0x00000026                . = ALIGN (0x2)
                0x00000026                __trampolines_start = .
 *(.trampolines)
 .trampolines   0x00000026        0x0 linker stubs
 *(.trampolines*)
                0x00000026                __trampolines_end = .
 *(.jumptables)
 *(.jumptables*)
 *(.lowtext)
 *(.lowtext*)
                0x00000026                __ctors_start = .
 *(.ctors)
                0x00000026                __ctors_end = .
                0x00000026                __dtors_start = .
 *(.dtors)
                0x00000026                __dtors_end = .
 SORT(*)(.ctors)
 SORT(*)(.dtors)
 *(.init0)
 .init0         0x00000026        0x0 c:/winavr-20100110/bin/../lib/gcc/avr/4.3.3/../../../../avr/lib/avr4/crtm8.o
                0x00000026                __init
 *(.init0)
 *(.init1)
 *(.init1)
 *(.init2)
 .init2         0x00000026        0xc c:/winavr-20100110/bin/../lib/gcc/avr/4.3.3/../../../../avr/lib/avr4/crtm8.o
 *(.init2)
 *(.init3)
 *(.init3)
 *(.init4)
 .init4         0x00000032       0x16 c:/winavr-20100110/bin/../lib/gcc/avr/4.3.3/avr4\libgcc.a(_copy_data.o)
                0x00000032                __do_copy_data
 *(.init4)
 *(.init5)
 *(.init5)
 *(.init6)
 *(.init6)
 *(.init7)
 *(.init7)
 *(.init8)
 *(.init8)
 *(.init9)
 .init9         0x00000048        0x4 c:/winavr-20100110/bin/../lib/gcc/avr/4.3.3/../../../../avr/lib/avr4/crtm8.o
 *(.init9)
 *(.text)
 .text          0x0000004c        0x2 c:/winavr-20100110/bin/../lib/gcc/avr/4.3.3/../../../../avr/lib/avr4/crtm8.o
                0x0000004c                __vector_1
                0x0000004c                __vector_12
                0x0000004c                __bad_interrupt
                0x0000004c                __vector_6
                0x0000004c                __vector_3
                0x0000004c                __vector_11
                0x0000004c                __vector_13
                0x0000004c                __vector_17
                0x0000004c                __vector_7
                0x0000004c                __vector_5
                0x0000004c                __vector_4
                0x0000004c                __vector_9
                0x0000004c                __vector_2
                0x0000004c                __vector_15
                0x0000004c                __vector_8
                0x0000004c                __vector_14
                0x0000004c                __vector_10
                0x0000004c                __vector_16
                0x0000004c                __vector_18
 .text          0x0000004e       0x2e obj\Release\initialization.o
                0x0000004e                init_periph
                0x00000072                init_all
                0x00000050                init_io
 .text          0x0000007c        0xc obj\Release\main.o
                0x0000007c                main
 .text          0x00000088        0x0 obj\Release\protocol_low.o
 .text          0x00000088      0x5e0 obj\Release\rfm70.o
                0x000002e8                rfm70_pipe_enable
                0x0000022a                rfm70_channel_payload_size
                0x00000392                rfm70_address_length
                0x000002bc                rfm70_lna_high
                0x000003ae                rfm70_crc_length
                0x0000010c                rfm70_receive_address_p0
                0x000004ee                rfm70_init_bank1
                0x00000088                rfm70_buffer_write
                0x000000d4                rfm70_transmit_message_once
                0x000003f8                rfm70_air_data_rate
                0x00000448                rfm70_mode_transmit
                0x000004c8                rfm70_bank
                0x0000018a                rfm70_receive
                0x00000436                rfm70_mode_standby
                0x000000e6                rfm70_transmit_message
                0x000001e4                rfm70_receive_fifo_empty
                0x000001d2                rfm70_lost_packets_count
                0x00000102                rfm70_receive_address_p1
                0x00000424                rfm70_mode_powerdown
                0x000002ae                rfm70_lna_low
                0x00000116                rfm70_buffer_read
                0x000001ec                rfm70_transmit_fifo_full
                0x0000017a                rfm70_receive_next_length
                0x00000286                rfm70_power
                0x0000041a                rfm70_channel
                0x0000038c                rfm70_receive_address_pn
                0x000002dc                rfm70_lost_packets_reset
                0x0000033a                rfm70_pipe_autoack
                0x00000180                rfm70_receive_next_pipe
                0x000001dc                rfm70_retransmit_count
                0x0000015e                rfm70_register_read
                0x000000f8                rfm70_transmit_address
                0x00000206                rfm70_register_write
                0x00000496                rfm70_is_present
                0x000005fa                rfm70_init
                0x000002ca                rfm70_retransmit_delay_attempts
                0x00000470                rfm70_mode_receive
 .text          0x00000668       0x44 obj\Release\spi.o
                0x000006a0                RFM70_SCK
                0x0000067c                RFM70_CSN
                0x00000672                SPI_RW
                0x00000688                RFM70_CE
                0x00000668                SPI_MasterInit
                0x00000694                RFM70_MOSI
 .text          0x000006ac        0x2 obj\Release\timers.o
                0x000006ac                init_timer1
 .text          0x000006ae       0x36 obj\Release\USART.o
                0x000006ae                USART_init
                0x000006bc                USART_SEND
                0x000006c4                debug_send
 .text          0x000006e4        0x0 c:/winavr-20100110/bin/../lib/gcc/avr/4.3.3/avr4\libgcc.a(_exit.o)
 .text          0x000006e4        0x0 c:/winavr-20100110/bin/../lib/gcc/avr/4.3.3/avr4\libgcc.a(_copy_data.o)
                0x000006e4                . = ALIGN (0x2)
 *(.text.*)
 .text.libgcc   0x000006e4        0x0 c:/winavr-20100110/bin/../lib/gcc/avr/4.3.3/avr4\libgcc.a(_exit.o)
 .text.libgcc   0x000006e4        0x0 c:/winavr-20100110/bin/../lib/gcc/avr/4.3.3/avr4\libgcc.a(_copy_data.o)
                0x000006e4                . = ALIGN (0x2)
 *(.fini9)
 .fini9         0x000006e4        0x0 c:/winavr-20100110/bin/../lib/gcc/avr/4.3.3/avr4\libgcc.a(_exit.o)
                0x000006e4                exit
                0x000006e4                _exit
 *(.fini9)
 *(.fini8)
 *(.fini8)
 *(.fini7)
 *(.fini7)
 *(.fini6)
 *(.fini6)
 *(.fini5)
 *(.fini5)
 *(.fini4)
 *(.fini4)
 *(.fini3)
 *(.fini3)
 *(.fini2)
 *(.fini2)
 *(.fini1)
 *(.fini1)
 *(.fini0)
 .fini0         0x000006e4        0x4 c:/winavr-20100110/bin/../lib/gcc/avr/4.3.3/avr4\libgcc.a(_exit.o)
 *(.fini0)
                0x000006e8                _etext = .

.data           0x00800060       0x72 load address 0x000006e8
                0x00800060                PROVIDE (__data_start, .)
 *(.data)
 .data          0x00800060        0x0 c:/winavr-20100110/bin/../lib/gcc/avr/4.3.3/../../../../avr/lib/avr4/crtm8.o
 .data          0x00800060        0x0 obj\Release\initialization.o
 .data          0x00800060       0x16 obj\Release\main.o
 .data          0x00800076        0x0 obj\Release\protocol_low.o
 .data          0x00800076       0x5c obj\Release\rfm70.o
                0x008000c7                Bank1_Reg14
                0x0080008a                RX0_Address
                0x0080008f                Bank1_Reg0_13
                0x00800076                Bank0_Reg
 .data          0x008000d2        0x0 obj\Release\spi.o
 .data          0x008000d2        0x0 obj\Release\timers.o
 .data          0x008000d2        0x0 obj\Release\USART.o
 .data          0x008000d2        0x0 c:/winavr-20100110/bin/../lib/gcc/avr/4.3.3/avr4\libgcc.a(_exit.o)
 .data          0x008000d2        0x0 c:/winavr-20100110/bin/../lib/gcc/avr/4.3.3/avr4\libgcc.a(_copy_data.o)
 *(.data*)
 *(.rodata)
 *(.rodata*)
 *(.gnu.linkonce.d*)
                0x008000d2                . = ALIGN (0x2)
                0x008000d2                _edata = .
                0x008000d2                PROVIDE (__data_end, .)

.bss            0x008000d2        0x0
                0x008000d2                PROVIDE (__bss_start, .)
 *(.bss)
 .bss           0x008000d2        0x0 c:/winavr-20100110/bin/../lib/gcc/avr/4.3.3/../../../../avr/lib/avr4/crtm8.o
 .bss           0x008000d2        0x0 obj\Release\initialization.o
 .bss           0x008000d2        0x0 obj\Release\main.o
 .bss           0x008000d2        0x0 obj\Release\protocol_low.o
 .bss           0x008000d2        0x0 obj\Release\rfm70.o
 .bss           0x008000d2        0x0 obj\Release\spi.o
 .bss           0x008000d2        0x0 obj\Release\timers.o
 .bss           0x008000d2        0x0 obj\Release\USART.o
 .bss           0x008000d2        0x0 c:/winavr-20100110/bin/../lib/gcc/avr/4.3.3/avr4\libgcc.a(_exit.o)
 .bss           0x008000d2        0x0 c:/winavr-20100110/bin/../lib/gcc/avr/4.3.3/avr4\libgcc.a(_copy_data.o)
 *(.bss*)
 *(COMMON)
                0x008000d2                PROVIDE (__bss_end, .)
                0x000006e8                __data_load_start = LOADADDR (.data)
                0x0000075a                __data_load_end = (__data_load_start + SIZEOF (.data))

.noinit         0x008000d2        0x0
                0x008000d2                PROVIDE (__noinit_start, .)
 *(.noinit*)
                0x008000d2                PROVIDE (__noinit_end, .)
                0x008000d2                _end = .
                0x008000d2                PROVIDE (__heap_start, .)

.eeprom         0x00810000        0x0
 *(.eeprom*)
                0x00810000                __eeprom_end = .

.fuse
 *(.fuse)
 *(.lfuse)
 *(.hfuse)
 *(.efuse)

.lock
 *(.lock*)

.signature
 *(.signature*)

.stab
 *(.stab)

.stabstr
 *(.stabstr)

.stab.excl
 *(.stab.excl)

.stab.exclstr
 *(.stab.exclstr)

.stab.index
 *(.stab.index)

.stab.indexstr
 *(.stab.indexstr)

.comment
 *(.comment)

.debug
 *(.debug)

.line
 *(.line)

.debug_srcinfo
 *(.debug_srcinfo)

.debug_sfnames
 *(.debug_sfnames)

.debug_aranges
 *(.debug_aranges)

.debug_pubnames
 *(.debug_pubnames)

.debug_info
 *(.debug_info)
 *(.gnu.linkonce.wi.*)

.debug_abbrev
 *(.debug_abbrev)

.debug_line
 *(.debug_line)

.debug_frame
 *(.debug_frame)

.debug_str
 *(.debug_str)

.debug_loc
 *(.debug_loc)

.debug_macinfo
 *(.debug_macinfo)
OUTPUT(bin\Release\WSN_Protocol_FW.elf elf32-avr)
LOAD linker stubs

Cross Reference Table

Symbol                                            File
Bank0_Reg                                         obj\Release\rfm70.o
Bank1_Reg0_13                                     obj\Release\rfm70.o
Bank1_Reg14                                       obj\Release\rfm70.o
RFM70_CE                                          obj\Release\spi.o
                                                  obj\Release\rfm70.o
RFM70_CSN                                         obj\Release\spi.o
                                                  obj\Release\rfm70.o
RFM70_MOSI                                        obj\Release\spi.o
                                                  obj\Release\rfm70.o
RFM70_SCK                                         obj\Release\spi.o
                                                  obj\Release\rfm70.o
RX0_Address                                       obj\Release\rfm70.o
SPI_MasterInit                                    obj\Release\spi.o
SPI_RW                                            obj\Release\spi.o
                                                  obj\Release\rfm70.o
USART_SEND                                        obj\Release\USART.o
USART_init                                        obj\Release\USART.o
                                                  obj\Release\initialization.o
__bad_interrupt                                   c:/winavr-20100110/bin/../lib/gcc/avr/4.3.3/../../../../avr/lib/avr4/crtm8.o
__data_end                                        c:/winavr-20100110/bin/../lib/gcc/avr/4.3.3/avr4\libgcc.a(_copy_data.o)
__data_load_start                                 c:/winavr-20100110/bin/../lib/gcc/avr/4.3.3/avr4\libgcc.a(_copy_data.o)
__data_start                                      c:/winavr-20100110/bin/../lib/gcc/avr/4.3.3/avr4\libgcc.a(_copy_data.o)
__do_copy_data                                    c:/winavr-20100110/bin/../lib/gcc/avr/4.3.3/avr4\libgcc.a(_copy_data.o)
                                                  obj\Release\rfm70.o
                                                  obj\Release\main.o
__heap_end                                        c:/winavr-20100110/bin/../lib/gcc/avr/4.3.3/../../../../avr/lib/avr4/crtm8.o
__init                                            c:/winavr-20100110/bin/../lib/gcc/avr/4.3.3/../../../../avr/lib/avr4/crtm8.o
__stack                                           c:/winavr-20100110/bin/../lib/gcc/avr/4.3.3/../../../../avr/lib/avr4/crtm8.o
__vector_1                                        c:/winavr-20100110/bin/../lib/gcc/avr/4.3.3/../../../../avr/lib/avr4/crtm8.o
__vector_10                                       c:/winavr-20100110/bin/../lib/gcc/avr/4.3.3/../../../../avr/lib/avr4/crtm8.o
__vector_11                                       c:/winavr-20100110/bin/../lib/gcc/avr/4.3.3/../../../../avr/lib/avr4/crtm8.o
__vector_12                                       c:/winavr-20100110/bin/../lib/gcc/avr/4.3.3/../../../../avr/lib/avr4/crtm8.o
__vector_13                                       c:/winavr-20100110/bin/../lib/gcc/avr/4.3.3/../../../../avr/lib/avr4/crtm8.o
__vector_14                                       c:/winavr-20100110/bin/../lib/gcc/avr/4.3.3/../../../../avr/lib/avr4/crtm8.o
__vector_15                                       c:/winavr-20100110/bin/../lib/gcc/avr/4.3.3/../../../../avr/lib/avr4/crtm8.o
__vector_16                                       c:/winavr-20100110/bin/../lib/gcc/avr/4.3.3/../../../../avr/lib/avr4/crtm8.o
__vector_17                                       c:/winavr-20100110/bin/../lib/gcc/avr/4.3.3/../../../../avr/lib/avr4/crtm8.o
__vector_18                                       c:/winavr-20100110/bin/../lib/gcc/avr/4.3.3/../../../../avr/lib/avr4/crtm8.o
__vector_2                                        c:/winavr-20100110/bin/../lib/gcc/avr/4.3.3/../../../../avr/lib/avr4/crtm8.o
__vector_3                                        c:/winavr-20100110/bin/../lib/gcc/avr/4.3.3/../../../../avr/lib/avr4/crtm8.o
__vector_4                                        c:/winavr-20100110/bin/../lib/gcc/avr/4.3.3/../../../../avr/lib/avr4/crtm8.o
__vector_5                                        c:/winavr-20100110/bin/../lib/gcc/avr/4.3.3/../../../../avr/lib/avr4/crtm8.o
__vector_6                                        c:/winavr-20100110/bin/../lib/gcc/avr/4.3.3/../../../../avr/lib/avr4/crtm8.o
__vector_7                                        c:/winavr-20100110/bin/../lib/gcc/avr/4.3.3/../../../../avr/lib/avr4/crtm8.o
__vector_8                                        c:/winavr-20100110/bin/../lib/gcc/avr/4.3.3/../../../../avr/lib/avr4/crtm8.o
__vector_9                                        c:/winavr-20100110/bin/../lib/gcc/avr/4.3.3/../../../../avr/lib/avr4/crtm8.o
__vector_default                                  c:/winavr-20100110/bin/../lib/gcc/avr/4.3.3/../../../../avr/lib/avr4/crtm8.o
__vectors                                         c:/winavr-20100110/bin/../lib/gcc/avr/4.3.3/../../../../avr/lib/avr4/crtm8.o
_exit                                             c:/winavr-20100110/bin/../lib/gcc/avr/4.3.3/avr4\libgcc.a(_exit.o)
debug_send                                        obj\Release\USART.o
                                                  obj\Release\main.o
exit                                              c:/winavr-20100110/bin/../lib/gcc/avr/4.3.3/avr4\libgcc.a(_exit.o)
                                                  c:/winavr-20100110/bin/../lib/gcc/avr/4.3.3/../../../../avr/lib/avr4/crtm8.o
init_all                                          obj\Release\initialization.o
                                                  obj\Release\main.o
init_io                                           obj\Release\initialization.o
init_periph                                       obj\Release\initialization.o
                                                  obj\Release\main.o
init_timer1                                       obj\Release\timers.o
main                                              obj\Release\main.o
                                                  c:/winavr-20100110/bin/../lib/gcc/avr/4.3.3/../../../../avr/lib/avr4/crtm8.o
rfm70_address_length                              obj\Release\rfm70.o
rfm70_air_data_rate                               obj\Release\rfm70.o
rfm70_bank                                        obj\Release\rfm70.o
rfm70_buffer_read                                 obj\Release\rfm70.o
rfm70_buffer_write                                obj\Release\rfm70.o
rfm70_channel                                     obj\Release\rfm70.o
rfm70_channel_payload_size                        obj\Release\rfm70.o
rfm70_crc_length                                  obj\Release\rfm70.o
rfm70_init                                        obj\Release\rfm70.o
rfm70_init_bank1                                  obj\Release\rfm70.o
rfm70_is_present                                  obj\Release\rfm70.o
rfm70_lna_high                                    obj\Release\rfm70.o
rfm70_lna_low                                     obj\Release\rfm70.o
rfm70_lost_packets_count                          obj\Release\rfm70.o
rfm70_lost_packets_reset                          obj\Release\rfm70.o
rfm70_mode_powerdown                              obj\Release\rfm70.o
rfm70_mode_receive                                obj\Release\rfm70.o
rfm70_mode_standby                                obj\Release\rfm70.o
rfm70_mode_transmit                               obj\Release\rfm70.o
rfm70_pipe_autoack                                obj\Release\rfm70.o
rfm70_pipe_enable                                 obj\Release\rfm70.o
rfm70_power                                       obj\Release\rfm70.o
rfm70_receive                                     obj\Release\rfm70.o
rfm70_receive_address_p0                          obj\Release\rfm70.o
rfm70_receive_address_p1                          obj\Release\rfm70.o
rfm70_receive_address_pn                          obj\Release\rfm70.o
rfm70_receive_fifo_empty                          obj\Release\rfm70.o
rfm70_receive_next_length                         obj\Release\rfm70.o
rfm70_receive_next_pipe                           obj\Release\rfm70.o
rfm70_register_read                               obj\Release\rfm70.o
rfm70_register_write                              obj\Release\rfm70.o
rfm70_retransmit_count                            obj\Release\rfm70.o
rfm70_retransmit_delay_attempts                   obj\Release\rfm70.o
rfm70_transmit_address                            obj\Release\rfm70.o
rfm70_transmit_fifo_full                          obj\Release\rfm70.o
rfm70_transmit_message                            obj\Release\rfm70.o
rfm70_transmit_message_once                       obj\Release\rfm70.o
